hello
world
nice
hehehe
test
